schema {
  query: Query
}

type CompanyModel {
  id: Int!
  name: String!
  dateOfFundation: DateTime!
  drivers: [DriverModel!]
  tirs: [TirModel!]
}

type DriverModel {
  id: Int!
  name: String!
  surname: String!
  age: Int!
  tir: TirModel!
  tirId: Int!
  company: CompanyModel!
  companyId: Int!
}

type Query {
  companies: [CompanyModel!]!
}

type TirModel {
  id: Int!
  model: String!
  company: CompanyModel!
  companyId: Int!
  driverId: Int!
  driver: DriverModel!
}

"The `@specifiedBy` directive is used within the type system definition language to provide a URL for specifying the behavior of custom scalar definitions."
directive @specifiedBy("The specifiedBy URL points to a human-readable specification. This field will only read a result for scalar types." url: String!) on SCALAR

"The `DateTime` scalar represents an ISO-8601 compliant date time type."
scalar DateTime @specifiedBy(url: "https:\/\/www.graphql-scalars.com\/date-time")
